******************************************************************************
                  TI ARM Linker PC v16.9.3                     
******************************************************************************
>> Linked Tue Jun 20 18:48:51 2017

OUTPUT FILE NAME:   <project0.out>
ENTRY POINT SYMBOL: "_c_int00"  address: 00001079


MEMORY CONFIGURATION

         name            origin    length      used     unused   attr    fill
----------------------  --------  ---------  --------  --------  ----  --------
  FLASH                 00000000   00040000  0000131a  0003ece6  R  X
  SRAM                  20000000   00008000  0000015f  00007ea1  RW X


SEGMENT ALLOCATION MAP

run origin  load origin   length   init length attrs members
----------  ----------- ---------- ----------- ----- -------
00000000    00000000    00001320   00001320    r-x
  00000000    00000000    0000026c   0000026c    r-- .intvecs
  0000026c    0000026c    00001046   00001046    r-x .text
  000012b8    000012b8    00000068   00000068    r-- .cinit
20000000    20000000    00000160   00000000    rw-
  20000000    20000000    00000100   00000000    rw- .stack
  20000100    20000100    0000005b   00000000    rw- .data
  2000015c    2000015c    00000004   00000000    rw- .bss


SECTION ALLOCATION MAP

 output                                  attributes/
section   page    origin      length       input sections
--------  ----  ----------  ----------   ----------------
.intvecs   0    00000000    0000026c     
                  00000000    0000026c     startup_ccs.obj (.intvecs)

.text      0    0000026c    00001046     
                  0000026c    00000730     project0.obj (.text:translateFib)
                  0000099c    00000360     project0.obj (.text:Morse_LED_out)
                  00000cfc    00000132     driverlib.lib : gpio.obj (.text:GPIOPadConfigSet)
                  00000e2e    0000009c     rtsv7M4_T_le_v4SPD16_eabi.lib : memcpy_t2.obj (.text)
                  00000eca    0000007a                                   : memset_t2.obj (.text)
                  00000f44    00000070                                   : autoinit.obj (.text)
                  00000fb4    00000068                                   : copy_decompress_lzss.obj (.text:decompress:lzss)
                  0000101c    0000005c     fib.obj (.text)
                  00001078    00000054     rtsv7M4_T_le_v4SPD16_eabi.lib : boot.obj (.text)
                  000010cc    00000054                                   : exit.obj (.text)
                  00001120    0000004c                                   : cpy_tbl.obj (.text)
                  0000116c    00000038     driverlib.lib : sysctl.obj (.text:SysCtlPeripheralReady)
                  000011a4    00000038     project0.obj (.text:main)
                  000011dc    00000034     driverlib.lib : sysctl.obj (.text:SysCtlPeripheralEnable)
                  00001210    0000002a                   : gpio.obj (.text:GPIODirModeSet)
                  0000123a    00000018                   : gpio.obj (.text:GPIOPinTypeGPIOOutput)
                  00001252    00000002     startup_ccs.obj (.text:FaultISR)
                  00001254    00000018     rtsv7M4_T_le_v4SPD16_eabi.lib : args_main.obj (.text)
                  0000126c    00000014                                   : _lock.obj (.text)
                  00001280    0000000e                                   : copy_decompress_none.obj (.text:decompress:none)
                  0000128e    0000000c                                   : copy_zero_init.obj (.text:decompress:ZI)
                  0000129a    00000006     driverlib.lib : gpio.obj (.text:GPIOPinWrite)
                  000012a0    00000006     startup_ccs.obj (.text:ResetISR)
                  000012a6    00000004     rtsv7M4_T_le_v4SPD16_eabi.lib : pre_init.obj (.text)
                  000012aa    00000002     startup_ccs.obj (.text:IntDefaultHandler)
                  000012ac    00000002     startup_ccs.obj (.text:NmiSR)
                  000012ae    00000002     rtsv7M4_T_le_v4SPD16_eabi.lib : mpu_init.obj (.text)
                  000012b0    00000002                                   : startup.obj (.text)

.cinit     0    000012b8    00000068     
                  000012b8    00000042     (.cinit..data.load) [load image, compression = lzss]
                  000012fa    00000002     --HOLE-- [fill = 0]
                  000012fc    0000000c     (__TI_handler_table)
                  00001308    00000008     (.cinit..bss.load) [load image, compression = zero_init]
                  00001310    00000010     (__TI_cinit_table)

.init_array 
*          0    00000000    00000000     UNINITIALIZED

.stack     0    20000000    00000100     UNINITIALIZED
                  20000000    00000100     --HOLE--

.data      0    20000100    0000005b     UNINITIALIZED
                  20000100    00000040     project0.obj (.data:morse)
                  20000140    0000000c     rtsv7M4_T_le_v4SPD16_eabi.lib : exit.obj (.data:$O1$$)
                  2000014c    00000008                                   : _lock.obj (.data:$O1$$)
                  20000154    00000004                                   : stkdepth_vars.obj (.data)
                  20000158    00000003     project0.obj (.data)

.bss       0    2000015c    00000004     UNINITIALIZED
                  2000015c    00000004     (.common:ui32Loop)

MODULE SUMMARY

       Module                     code   ro data   rw data
       ------                     ----   -------   -------
    .\
       project0.obj               2760   0         71     
       startup_ccs.obj            12     620       0      
       fib.obj                    92     0         0      
    +--+--------------------------+------+---------+---------+
       Total:                     2864   620       71     
                                                          
    C:/Users/Obaid/Desktop/TivaWare_C_Series-2.1.3.156/TivaWare_C_Series-2.1.3.156/driverlib/ccs/Debug/driverlib.lib
       gpio.obj                   378    0         0      
       sysctl.obj                 108    0         0      
    +--+--------------------------+------+---------+---------+
       Total:                     486    0         0      
                                                          
    C:\ti\ccsv7\tools\compiler\ti-cgt-arm_16.9.3.LTS\lib\rtsv7M4_T_le_v4SPD16_eabi.lib
       memcpy_t2.obj              156    0         0      
       memset_t2.obj              122    0         0      
       autoinit.obj               112    0         0      
       copy_decompress_lzss.obj   104    0         0      
       exit.obj                   84     0         12     
       boot.obj                   84     0         0      
       cpy_tbl.obj                76     0         0      
       _lock.obj                  20     0         8      
       args_main.obj              24     0         0      
       copy_decompress_none.obj   14     0         0      
       copy_zero_init.obj         12     0         0      
       pre_init.obj               4      0         0      
       stkdepth_vars.obj          0      0         4      
       mpu_init.obj               2      0         0      
       startup.obj                2      0         0      
    +--+--------------------------+------+---------+---------+
       Total:                     816    0         24     
                                                          
       Stack:                     0      0         256    
       Linker Generated:          0      102       0      
    +--+--------------------------+------+---------+---------+
       Grand Total:               4166   722       351    


LINKER GENERATED COPY TABLES

__TI_cinit_table @ 00001310 records: 2, size/record: 8, table size: 16
	.data: load addr=000012b8, load size=00000042 bytes, run addr=20000100, run size=0000005b bytes, compression=lzss
	.bss: load addr=00001308, load size=00000008 bytes, run addr=2000015c, run size=00000004 bytes, compression=zero_init


LINKER GENERATED HANDLER TABLE

__TI_handler_table @ 000012fc records: 3, size/record: 4, table size: 12
	index: 0, handler: __TI_decompress_lzss
	index: 1, handler: __TI_decompress_none
	index: 2, handler: __TI_zero_init


GLOBAL SYMBOLS: SORTED ALPHABETICALLY BY Name 

address   name                           
-------   ----                           
000010cd  C$$EXIT                        
00001211  GPIODirModeSet                 
00000cfd  GPIOPadConfigSet               
0000123b  GPIOPinTypeGPIOOutput          
0000129b  GPIOPinWrite                   
0000099d  Morse_LED_out                  
000012a1  ResetISR                       
UNDEFED   SHT$$INIT_ARRAY$$Base          
UNDEFED   SHT$$INIT_ARRAY$$Limit         
000011dd  SysCtlPeripheralEnable         
0000116d  SysCtlPeripheralReady          
20000100  __STACK_END                    
00000100  __STACK_SIZE                   
20000100  __STACK_TOP                    
00001310  __TI_CINIT_Base                
00001320  __TI_CINIT_Limit               
000012fc  __TI_Handler_Table_Base        
00001308  __TI_Handler_Table_Limit       
00000f45  __TI_auto_init                 
20000140  __TI_cleanup_ptr               
00000fb5  __TI_decompress_lzss           
00001281  __TI_decompress_none           
20000144  __TI_dtors_ptr                 
20000148  __TI_enable_exit_profile_output
ffffffff  __TI_pprof_out_hndl            
ffffffff  __TI_prof_data_size            
ffffffff  __TI_prof_data_start           
00000000  __TI_static_base__             
0000128f  __TI_zero_init                 
00000ecb  __aeabi_memclr                 
00000ecb  __aeabi_memclr4                
00000ecb  __aeabi_memclr8                
00000e2f  __aeabi_memcpy                 
00000e2f  __aeabi_memcpy4                
00000e2f  __aeabi_memcpy8                
00000ecd  __aeabi_memset                 
00000ecd  __aeabi_memset4                
00000ecd  __aeabi_memset8                
ffffffff  __binit__                      
ffffffff  __c_args__                     
000012af  __mpu_init                     
20000000  __stack                        
00001255  _args_main                     
00001079  _c_int00                       
2000014c  _lock                          
0000127b  _nop                           
00001273  _register_lock                 
0000126d  _register_unlock               
000012b1  _system_post_cinit             
000012a7  _system_pre_init               
20000150  _unlock                        
000010d1  abort                          
ffffffff  binit                          
00001121  copy_in                        
000010d9  exit                           
0000101d  fib                            
20000158  firstON                        
00000000  g_pfnVectors                   
000011a5  main                           
20000154  main_func_sp                   
00000e2f  memcpy                         
00000ed3  memset                         
20000100  morse                          
20000159  secondON                       
2000015a  thirdON                        
0000026d  translateFib                   
2000015c  ui32Loop                       


GLOBAL SYMBOLS: SORTED BY Symbol Address 

address   name                           
-------   ----                           
00000000  __TI_static_base__             
00000000  g_pfnVectors                   
00000100  __STACK_SIZE                   
0000026d  translateFib                   
0000099d  Morse_LED_out                  
00000cfd  GPIOPadConfigSet               
00000e2f  __aeabi_memcpy                 
00000e2f  __aeabi_memcpy4                
00000e2f  __aeabi_memcpy8                
00000e2f  memcpy                         
00000ecb  __aeabi_memclr                 
00000ecb  __aeabi_memclr4                
00000ecb  __aeabi_memclr8                
00000ecd  __aeabi_memset                 
00000ecd  __aeabi_memset4                
00000ecd  __aeabi_memset8                
00000ed3  memset                         
00000f45  __TI_auto_init                 
00000fb5  __TI_decompress_lzss           
0000101d  fib                            
00001079  _c_int00                       
000010cd  C$$EXIT                        
000010d1  abort                          
000010d9  exit                           
00001121  copy_in                        
0000116d  SysCtlPeripheralReady          
000011a5  main                           
000011dd  SysCtlPeripheralEnable         
00001211  GPIODirModeSet                 
0000123b  GPIOPinTypeGPIOOutput          
00001255  _args_main                     
0000126d  _register_unlock               
00001273  _register_lock                 
0000127b  _nop                           
00001281  __TI_decompress_none           
0000128f  __TI_zero_init                 
0000129b  GPIOPinWrite                   
000012a1  ResetISR                       
000012a7  _system_pre_init               
000012af  __mpu_init                     
000012b1  _system_post_cinit             
000012fc  __TI_Handler_Table_Base        
00001308  __TI_Handler_Table_Limit       
00001310  __TI_CINIT_Base                
00001320  __TI_CINIT_Limit               
20000000  __stack                        
20000100  __STACK_END                    
20000100  __STACK_TOP                    
20000100  morse                          
20000140  __TI_cleanup_ptr               
20000144  __TI_dtors_ptr                 
20000148  __TI_enable_exit_profile_output
2000014c  _lock                          
20000150  _unlock                        
20000154  main_func_sp                   
20000158  firstON                        
20000159  secondON                       
2000015a  thirdON                        
2000015c  ui32Loop                       
ffffffff  __TI_pprof_out_hndl            
ffffffff  __TI_prof_data_size            
ffffffff  __TI_prof_data_start           
ffffffff  __binit__                      
ffffffff  __c_args__                     
ffffffff  binit                          
UNDEFED   SHT$$INIT_ARRAY$$Base          
UNDEFED   SHT$$INIT_ARRAY$$Limit         

[67 symbols]
