******************************************************************************
                  TI ARM Linker PC v16.9.3                     
******************************************************************************
>> Linked Tue Jun 20 18:21:11 2017

OUTPUT FILE NAME:   <project0.out>
ENTRY POINT SYMBOL: "_c_int00"  address: 00000571


MEMORY CONFIGURATION

         name            origin    length      used     unused   attr    fill
----------------------  --------  ---------  --------  --------  ----  --------
  FLASH                 00000000   00040000  000007ae  0003f852  R  X
  SRAM                  20000000   00008000  00000118  00007ee8  RW X


SEGMENT ALLOCATION MAP

run origin  load origin   length   init length attrs members
----------  ----------- ---------- ----------- ----- -------
00000000    00000000    000007b4   000007b4    r-x
  00000000    00000000    0000026c   0000026c    r-- .intvecs
  0000026c    0000026c    0000051e   0000051e    r-x .text
  00000790    00000790    00000024   00000024    r-- .cinit
20000000    20000000    00000118   00000000    rw-
  20000000    20000000    00000100   00000000    rw- .stack
  20000100    20000100    00000018   00000000    rw- .data


SECTION ALLOCATION MAP

 output                                  attributes/
section   page    origin      length       input sections
--------  ----  ----------  ----------   ----------------
.intvecs   0    00000000    0000026c     
                  00000000    0000026c     startup_ccs.obj (.intvecs)

.text      0    0000026c    0000051e     
                  0000026c    00000132     driverlib.lib : gpio.obj (.text:GPIOPadConfigSet)
                  0000039e    0000009c     rtsv7M4_T_le_v4SPD16_eabi.lib : memcpy_t2.obj (.text)
                  0000043a    00000002     startup_ccs.obj (.text:FaultISR)
                  0000043c    00000070     rtsv7M4_T_le_v4SPD16_eabi.lib : autoinit.obj (.text)
                  000004ac    00000068                                   : copy_decompress_lzss.obj (.text:decompress:lzss)
                  00000514    0000005c     fib.obj (.text)
                  00000570    00000054     rtsv7M4_T_le_v4SPD16_eabi.lib : boot.obj (.text)
                  000005c4    00000054                                   : exit.obj (.text)
                  00000618    0000004c                                   : cpy_tbl.obj (.text)
                  00000664    00000038     driverlib.lib : sysctl.obj (.text:SysCtlPeripheralReady)
                  0000069c    00000034                   : sysctl.obj (.text:SysCtlPeripheralEnable)
                  000006d0    0000002c     project0.obj (.text:main)
                  000006fc    0000002a     driverlib.lib : gpio.obj (.text:GPIODirModeSet)
                  00000726    00000018                   : gpio.obj (.text:GPIOPinTypeGPIOOutput)
                  0000073e    00000002     startup_ccs.obj (.text:IntDefaultHandler)
                  00000740    00000018     rtsv7M4_T_le_v4SPD16_eabi.lib : args_main.obj (.text)
                  00000758    00000014                                   : _lock.obj (.text)
                  0000076c    0000000e                                   : copy_decompress_none.obj (.text:decompress:none)
                  0000077a    00000006     startup_ccs.obj (.text:ResetISR)
                  00000780    00000004     rtsv7M4_T_le_v4SPD16_eabi.lib : pre_init.obj (.text)
                  00000784    00000002     startup_ccs.obj (.text:NmiSR)
                  00000786    00000002     rtsv7M4_T_le_v4SPD16_eabi.lib : mpu_init.obj (.text)
                  00000788    00000002                                   : startup.obj (.text)

.cinit     0    00000790    00000024     
                  00000790    00000011     (.cinit..data.load) [load image, compression = lzss]
                  000007a1    00000003     --HOLE-- [fill = 0]
                  000007a4    00000008     (__TI_handler_table)
                  000007ac    00000008     (__TI_cinit_table)

.init_array 
*          0    00000000    00000000     UNINITIALIZED

.stack     0    20000000    00000100     UNINITIALIZED
                  20000000    00000100     --HOLE--

.data      0    20000100    00000018     UNINITIALIZED
                  20000100    0000000c     rtsv7M4_T_le_v4SPD16_eabi.lib : exit.obj (.data:$O1$$)
                  2000010c    00000008                                   : _lock.obj (.data:$O1$$)
                  20000114    00000004                                   : stkdepth_vars.obj (.data)

MODULE SUMMARY

       Module                     code   ro data   rw data
       ------                     ----   -------   -------
    .\
       startup_ccs.obj            12     620       0      
       fib.obj                    92     0         0      
       project0.obj               44     0         0      
    +--+--------------------------+------+---------+---------+
       Total:                     148    620       0      
                                                          
    C:/Users/Obaid/Desktop/TivaWare_C_Series-2.1.3.156/TivaWare_C_Series-2.1.3.156/driverlib/ccs/Debug/driverlib.lib
       gpio.obj                   372    0         0      
       sysctl.obj                 108    0         0      
    +--+--------------------------+------+---------+---------+
       Total:                     480    0         0      
                                                          
    C:\ti\ccsv7\tools\compiler\ti-cgt-arm_16.9.3.LTS\lib\rtsv7M4_T_le_v4SPD16_eabi.lib
       memcpy_t2.obj              156    0         0      
       autoinit.obj               112    0         0      
       copy_decompress_lzss.obj   104    0         0      
       exit.obj                   84     0         12     
       boot.obj                   84     0         0      
       cpy_tbl.obj                76     0         0      
       _lock.obj                  20     0         8      
       args_main.obj              24     0         0      
       copy_decompress_none.obj   14     0         0      
       pre_init.obj               4      0         0      
       stkdepth_vars.obj          0      0         4      
       mpu_init.obj               2      0         0      
       startup.obj                2      0         0      
    +--+--------------------------+------+---------+---------+
       Total:                     682    0         24     
                                                          
       Stack:                     0      0         256    
       Linker Generated:          0      33        0      
    +--+--------------------------+------+---------+---------+
       Grand Total:               1310   653       280    


LINKER GENERATED COPY TABLES

__TI_cinit_table @ 000007ac records: 1, size/record: 8, table size: 8
	.data: load addr=00000790, load size=00000011 bytes, run addr=20000100, run size=00000018 bytes, compression=lzss


LINKER GENERATED HANDLER TABLE

__TI_handler_table @ 000007a4 records: 2, size/record: 4, table size: 8
	index: 0, handler: __TI_decompress_lzss
	index: 1, handler: __TI_decompress_none


GLOBAL SYMBOLS: SORTED ALPHABETICALLY BY Name 

address   name                           
-------   ----                           
000005c5  C$$EXIT                        
000006fd  GPIODirModeSet                 
0000026d  GPIOPadConfigSet               
00000727  GPIOPinTypeGPIOOutput          
0000077b  ResetISR                       
UNDEFED   SHT$$INIT_ARRAY$$Base          
UNDEFED   SHT$$INIT_ARRAY$$Limit         
0000069d  SysCtlPeripheralEnable         
00000665  SysCtlPeripheralReady          
20000100  __STACK_END                    
00000100  __STACK_SIZE                   
20000100  __STACK_TOP                    
000007ac  __TI_CINIT_Base                
000007b4  __TI_CINIT_Limit               
000007a4  __TI_Handler_Table_Base        
000007ac  __TI_Handler_Table_Limit       
0000043d  __TI_auto_init                 
20000100  __TI_cleanup_ptr               
000004ad  __TI_decompress_lzss           
0000076d  __TI_decompress_none           
20000104  __TI_dtors_ptr                 
20000108  __TI_enable_exit_profile_output
ffffffff  __TI_pprof_out_hndl            
ffffffff  __TI_prof_data_size            
ffffffff  __TI_prof_data_start           
00000000  __TI_static_base__             
0000039f  __aeabi_memcpy                 
0000039f  __aeabi_memcpy4                
0000039f  __aeabi_memcpy8                
ffffffff  __binit__                      
ffffffff  __c_args__                     
00000787  __mpu_init                     
20000000  __stack                        
00000741  _args_main                     
00000571  _c_int00                       
2000010c  _lock                          
00000767  _nop                           
0000075f  _register_lock                 
00000759  _register_unlock               
00000789  _system_post_cinit             
00000781  _system_pre_init               
20000110  _unlock                        
000005c9  abort                          
ffffffff  binit                          
00000619  copy_in                        
000005d1  exit                           
00000515  fib                            
00000000  g_pfnVectors                   
000006d1  main                           
20000114  main_func_sp                   
0000039f  memcpy                         


GLOBAL SYMBOLS: SORTED BY Symbol Address 

address   name                           
-------   ----                           
00000000  __TI_static_base__             
00000000  g_pfnVectors                   
00000100  __STACK_SIZE                   
0000026d  GPIOPadConfigSet               
0000039f  __aeabi_memcpy                 
0000039f  __aeabi_memcpy4                
0000039f  __aeabi_memcpy8                
0000039f  memcpy                         
0000043d  __TI_auto_init                 
000004ad  __TI_decompress_lzss           
00000515  fib                            
00000571  _c_int00                       
000005c5  C$$EXIT                        
000005c9  abort                          
000005d1  exit                           
00000619  copy_in                        
00000665  SysCtlPeripheralReady          
0000069d  SysCtlPeripheralEnable         
000006d1  main                           
000006fd  GPIODirModeSet                 
00000727  GPIOPinTypeGPIOOutput          
00000741  _args_main                     
00000759  _register_unlock               
0000075f  _register_lock                 
00000767  _nop                           
0000076d  __TI_decompress_none           
0000077b  ResetISR                       
00000781  _system_pre_init               
00000787  __mpu_init                     
00000789  _system_post_cinit             
000007a4  __TI_Handler_Table_Base        
000007ac  __TI_CINIT_Base                
000007ac  __TI_Handler_Table_Limit       
000007b4  __TI_CINIT_Limit               
20000000  __stack                        
20000100  __STACK_END                    
20000100  __STACK_TOP                    
20000100  __TI_cleanup_ptr               
20000104  __TI_dtors_ptr                 
20000108  __TI_enable_exit_profile_output
2000010c  _lock                          
20000110  _unlock                        
20000114  main_func_sp                   
ffffffff  __TI_pprof_out_hndl            
ffffffff  __TI_prof_data_size            
ffffffff  __TI_prof_data_start           
ffffffff  __binit__                      
ffffffff  __c_args__                     
ffffffff  binit                          
UNDEFED   SHT$$INIT_ARRAY$$Base          
UNDEFED   SHT$$INIT_ARRAY$$Limit         

[51 symbols]
